== KAT: extractor against the committed E130 arm ==
  ok    store_disk_read_calls              765
  ok    store_disk_read_ms                 2987.867
  ok    wait_finish_complete_ms            1488.243
  ok    finish_slept_calls                 723
  ok    finish_completed_at_entry          9339
  ok    start_slept_calls                  0
  ok    expert_forward_ms                  7485.917
  ok    decode_wall_ms                     17885.966
  ok    expert_calls_rows16                4484
  ok    expert_calls_scalar                10775
  ok    pin_slots_applied                  16
== GUARD: verify_applied must reject a clamped arm ==
  ok    verify_applied 16 (true)           0
  ok    verify_applied 48 (clamped)        rejected as required (rc=1)
== KAT: E132/E133 fields (store_lock is the E132 gate quantity) ==
  ok    store_pack_ms                      697.363
  ok    store_pack_calls                   3910
  ok    store_lock_ms                      471.319
  ok    store_hit_scan_ms                  44.877
  ok    packed_slots                       902
  ok    target_slots                       164
  ok    head_tier                          resident-bf16
  ok    ram_available_gib                  96.00
== KAT: cross-log, parsers must track the arm not a constant ==
  ok    on1_store_lock_ms                  466.225
  ok    on1_store_pack_calls               3908
  ok    on1_packed_slots                   904
  ok    a2_store_lock_ms                   981.905
  ok    a2_store_pack_ms                   1760.313
  ok    a2_store_pack_calls                8370
  ok    a2_store_hit_scan_ms               757.773
  ok    a2_packed_slots                    4568
== GUARD: verify_field, equality and inequality ==
  ok    verify_field slots = 164           0
  ok    verify_field slots != 164          rejected as required
  ok    verify_field head demoted          rejected as required
== GUARD: pgrep -x must not match a caller that merely names c/deepseek_v4 ==
  ok    pgrep -x vs own cmdline            no false positive
pinsweep_extract: all checks passed
rc=0
