### baseline: no speculation
base,0,0,p1,183,64,0.3497,0,0,0,0,NA,8d8665444f74,2.7,ok
base,0,0,p2,166,64,0.3855,0,0,0,0,NA,a0ea2d6fefe0,2.7,ok
base,0,0,p3,118,64,0.5424,0,0,0,0,NA,4e91ce0ff701,2.7,ok
base,0,0,p4,125,64,0.5120,0,0,0,0,NA,094c9405f792,2.7,ok
### default behavior (self-disabling)
d4k0,4,0,p1,188,64,0.3404,1,4,0,0.0,1,8d8665444f74,3.8,ok
d4k0,4,0,p2,169,64,0.3787,1,4,0,0.0,1,a0ea2d6fefe0,3.8,ok
d4k0,4,0,p3,120,64,0.5333,3,12,9,75.0,1,4e91ce0ff701,3.8,ok
d4k0,4,0,p4,128,64,0.5000,1,4,0,0.0,1,094c9405f792,3.8,ok
### the M1 hypothesis
d4k1,4,1,p1,196,64,0.3265,4,16,5,31.2,0,8d8665444f74,3.8,ok
d4k1,4,1,p2,179,64,0.3575,3,12,0,0.0,0,a0ea2d6fefe0,3.8,ok
d4k1,4,1,p3,135,64,0.4741,6,24,13,54.2,0,4e91ce0ff701,3.7,ok
d4k1,4,1,p4,133,64,0.4812,2,8,0,0.0,0,094c9405f792,3.7,ok
### depth sweep with KEEP
d2k1,2,1,p1,189,64,0.3386,5,10,4,40.0,0,8d8665444f74,3.7,ok
d2k1,2,1,p2,174,64,0.3678,3,6,0,0.0,0,a0ea2d6fefe0,3.8,ok
d2k1,2,1,p3,125,64,0.5120,8,16,11,68.8,0,4e91ce0ff701,3.8,ok
d2k1,2,1,p4,130,64,0.4923,2,4,0,0.0,0,094c9405f792,3.8,ok
d8k1,8,1,p1,194,64,0.3299,3,24,6,25.0,0,8d8665444f74,3.8,ok
d8k1,8,1,p2,177,64,0.3616,3,24,0,0.0,0,a0ea2d6fefe0,3.7,ok
d8k1,8,1,p3,139,64,0.4604,6,38,13,34.2,0,4e91ce0ff701,3.7,ok
d8k1,8,1,p4,131,64,0.4885,2,16,0,0.0,0,094c9405f792,3.7,ok
### done -> /Users/cptn/workbench/ai/colibri/.backlog/spec_keep_sweep.csv
